INFO    : Since no target was supplied, we will use "web".

INFO    : Building target web
INFO    : XSL conversion of /workspaces/Algebra-PhD-new/source/main.ptx by /home/codespace/.ptx/2.29.0/core/xsl/utilities/pretext-enhanced-source.xsl
INFO    : successful application of /home/codespace/.ptx/2.29.0/core/xsl/utilities/pretext-enhanced-source.xsl
INFO    : Generating any needed assets.
INFO    : XSL conversion of /workspaces/Algebra-PhD-new/source/main.ptx by /home/codespace/.ptx/2.29.0/core/xsl/utilities/pretext-enhanced-source.xsl
INFO    : successful application of /home/codespace/.ptx/2.29.0/core/xsl/utilities/pretext-enhanced-source.xsl
INFO    : XSL conversion of /workspaces/Algebra-PhD-new/source/main.ptx by /home/codespace/.ptx/2.29.0/core/xsl/utilities/pretext-enhanced-source.xsl
INFO    : successful application of /home/codespace/.ptx/2.29.0/core/xsl/utilities/pretext-enhanced-source.xsl
INFO    : XSL conversion of /workspaces/Algebra-PhD-new/source/main.ptx by /home/codespace/.ptx/2.29.0/core/xsl/utilities/pretext-enhanced-source.xsl
INFO    : successful application of /home/codespace/.ptx/2.29.0/core/xsl/utilities/pretext-enhanced-source.xsl
INFO    : XSL conversion of /workspaces/Algebra-PhD-new/source/main.ptx by /home/codespace/.ptx/2.29.0/core/xsl/utilities/pretext-enhanced-source.xsl
INFO    : successful application of /home/codespace/.ptx/2.29.0/core/xsl/utilities/pretext-enhanced-source.xsl
INFO    : XSL conversion of /workspaces/Algebra-PhD-new/source/main.ptx by /home/codespace/.ptx/2.29.0/core/xsl/utilities/pretext-enhanced-source.xsl
INFO    : successful application of /home/codespace/.ptx/2.29.0/core/xsl/utilities/pretext-enhanced-source.xsl
INFO    : XSL conversion of /workspaces/Algebra-PhD-new/source/main.ptx by /home/codespace/.ptx/2.29.0/core/xsl/utilities/pretext-enhanced-source.xsl
INFO    : successful application of /home/codespace/.ptx/2.29.0/core/xsl/utilities/pretext-enhanced-source.xsl
INFO    : XSL conversion of /workspaces/Algebra-PhD-new/source/main.ptx by /home/codespace/.ptx/2.29.0/core/xsl/utilities/pretext-enhanced-source.xsl
INFO    : successful application of /home/codespace/.ptx/2.29.0/core/xsl/utilities/pretext-enhanced-source.xsl
INFO    : XSL conversion of /workspaces/Algebra-PhD-new/source/main.ptx by /home/codespace/.ptx/2.29.0/core/xsl/utilities/pretext-enhanced-source.xsl
INFO    : successful application of /home/codespace/.ptx/2.29.0/core/xsl/utilities/pretext-enhanced-source.xsl
INFO    : XSL conversion of /workspaces/Algebra-PhD-new/source/main.ptx by /home/codespace/.ptx/2.29.0/core/xsl/utilities/pretext-enhanced-source.xsl
INFO    : successful application of /home/codespace/.ptx/2.29.0/core/xsl/utilities/pretext-enhanced-source.xsl
INFO    : XSL conversion of /workspaces/Algebra-PhD-new/source/main.ptx by /home/codespace/.ptx/2.29.0/core/xsl/utilities/pretext-enhanced-source.xsl
INFO    : successful application of /home/codespace/.ptx/2.29.0/core/xsl/utilities/pretext-enhanced-source.xsl
INFO    : XSL conversion of /workspaces/Algebra-PhD-new/source/main.ptx by /home/codespace/.ptx/2.29.0/core/xsl/utilities/pretext-enhanced-source.xsl
INFO    : successful application of /home/codespace/.ptx/2.29.0/core/xsl/utilities/pretext-enhanced-source.xsl
INFO    : XSL conversion of /workspaces/Algebra-PhD-new/source/main.ptx by /home/codespace/.ptx/2.29.0/core/xsl/utilities/pretext-enhanced-source.xsl
INFO    : successful application of /home/codespace/.ptx/2.29.0/core/xsl/utilities/pretext-enhanced-source.xsl
INFO    : XSL conversion of /workspaces/Algebra-PhD-new/source/main.ptx by /home/codespace/.ptx/2.29.0/core/xsl/utilities/pretext-enhanced-source.xsl
INFO    : successful application of /home/codespace/.ptx/2.29.0/core/xsl/utilities/pretext-enhanced-source.xsl
INFO    : XSL conversion of /workspaces/Algebra-PhD-new/source/main.ptx by /home/codespace/.ptx/2.29.0/core/xsl/utilities/pretext-enhanced-source.xsl
INFO    : successful application of /home/codespace/.ptx/2.29.0/core/xsl/utilities/pretext-enhanced-source.xsl
INFO    : XSL conversion of /workspaces/Algebra-PhD-new/source/main.ptx by /home/codespace/.ptx/2.29.0/core/xsl/utilities/pretext-enhanced-source.xsl
INFO    : successful application of /home/codespace/.ptx/2.29.0/core/xsl/utilities/pretext-enhanced-source.xsl
INFO    : XSL conversion of /workspaces/Algebra-PhD-new/source/main.ptx by /home/codespace/.ptx/2.29.0/core/xsl/utilities/pretext-enhanced-source.xsl
INFO    : successful application of /home/codespace/.ptx/2.29.0/core/xsl/utilities/pretext-enhanced-source.xsl
INFO    : XSL conversion of /workspaces/Algebra-PhD-new/source/main.ptx by /home/codespace/.ptx/2.29.0/core/xsl/utilities/pretext-enhanced-source.xsl
INFO    : successful application of /home/codespace/.ptx/2.29.0/core/xsl/utilities/pretext-enhanced-source.xsl
INFO    : Finished generating assets.

INFO    : Preparing to build into /workspaces/Algebra-PhD-new/output/web.
INFO    : discovering source file's directory name: /workspaces/Algebra-PhD-new/source
INFO    : verifying and expanding input directory: /workspaces/Algebra-PhD-new/source/../generated-assets
INFO    : input directory expanded to absolute path: /workspaces/Algebra-PhD-new/generated-assets
INFO    : verifying and expanding input directory: /workspaces/Algebra-PhD-new/source/../assets
INFO    : input directory expanded to absolute path: /workspaces/Algebra-PhD-new/assets
INFO    : discovering source file's directory name: /workspaces/Algebra-PhD-new/source
INFO    : XSL conversion of /workspaces/Algebra-PhD-new/source/main.ptx by /home/codespace/.ptx/2.29.0/core/xsl/utilities/report-publisher-variables.xsl
INFO    : successful application of /home/codespace/.ptx/2.29.0/core/xsl/utilities/report-publisher-variables.xsl
INFO    : Downloading rs services file from https://runestone.academy/cdn/runestone/latest/webpack_static_imports.xml.
INFO    : Runestone Services via online CDN query: version 7.9.19
INFO    : Downloading Runestone Services, version 7.9.19
INFO    : Extracting Runestone Services from archive file
INFO    : Building custom css theme: theme-tacoma
INFO    : converting /workspaces/Algebra-PhD-new/source/main.ptx to HTML in /tmp/ptx-wxpocnd7
INFO    : XSL conversion of /workspaces/Algebra-PhD-new/source/main.ptx by /home/codespace/.ptx/2.29.0/core/xsl/pretext-html.xsl
INFO    : messages from the log for XSL processing:
INFO    : * PTX:INFO:   checking ONLY the last TWO YEARS of element deprecations.
Rerun with the string parameter "author.deprecations.all" set to "yes" to check your source against all deprecations.
INFO    : successful application of /home/codespace/.ptx/2.29.0/core/xsl/pretext-html.xsl
INFO    : Removing temporary directory /tmp/ptx-wxpocnd7
INFO    : Removing temporary directory /tmp/ptx-960lz8bg
INFO    : 
Finished build for target web. Run `pretext view web` to see the results.

INFO    : 
Success!  Built requested target(s) without errors.

INFO    : 
