INFO    : Since no target was supplied, we will use "web".

INFO    : Building target web
INFO    : XSL conversion of D:\PreTeXt\Algebra-PhD-new\source\main.ptx by C:\Users\Abhay\.ptx\2.29.0\core\xsl\utilities\pretext-enhanced-source.xsl
INFO    : successful application of C:\Users\Abhay\.ptx\2.29.0\core\xsl\utilities\pretext-enhanced-source.xsl
INFO    : Generating any needed assets.
INFO    : Finished generating assets.

INFO    : Preparing to build into D:\PreTeXt\Algebra-PhD-new\output\web.
INFO    : discovering source file's directory name: D:\PreTeXt\Algebra-PhD-new\source
INFO    : verifying and expanding input directory: D:\PreTeXt\Algebra-PhD-new\source\../generated-assets
INFO    : input directory expanded to absolute path: D:\PreTeXt\Algebra-PhD-new\generated-assets
INFO    : verifying and expanding input directory: D:\PreTeXt\Algebra-PhD-new\source\../assets
INFO    : input directory expanded to absolute path: D:\PreTeXt\Algebra-PhD-new\assets
INFO    : XSL conversion of D:\PreTeXt\Algebra-PhD-new\source\main.ptx by C:\Users\Abhay\.ptx\2.29.0\core\xsl\utilities\report-publisher-variables.xsl
INFO    : successful application of C:\Users\Abhay\.ptx\2.29.0\core\xsl\utilities\report-publisher-variables.xsl
INFO    : Downloading rs services file from https://runestone.academy/cdn/runestone/latest/webpack_static_imports.xml.
INFO    : Runestone Services via online CDN query: version 7.9.13
INFO    : Downloading Runestone Services, version 7.9.13
INFO    : Extracting Runestone Services from archive file
INFO    : Building custom css theme: theme-tacoma
INFO    : converting D:\PreTeXt\Algebra-PhD-new\source\main.ptx to HTML in C:\Users\Abhay\AppData\Local\Temp\ptx-5o8jrke1
INFO    : XSL conversion of D:\PreTeXt\Algebra-PhD-new\source\main.ptx by C:\Users\Abhay\.ptx\2.29.0\core\xsl\pretext-html.xsl
INFO    : messages from the log for XSL processing:
ERROR   : * PTX:ERROR: the @xml:id value "ws-simple-modules" should be unique, but is authored multiple times.
INFO    : *            Results will be unpredictable, and likely incorrect.  Information on the locations follows:
INFO    : *              located within: "ws-simple-modules" (xml:id), "Exercises related to simple modules" (title)
INFO    : *              located within: "ws-simple-modules" (xml:id), "Exercises related to semisimple modules" (title)
INFO    : * PTX:INFO:   checking ONLY the last TWO YEARS of element deprecations.
Rerun with the string parameter "author.deprecations.all" set to "yes" to check your source against all deprecations.
INFO    : successful application of C:\Users\Abhay\.ptx\2.29.0\core\xsl\pretext-html.xsl
INFO    : Removing temporary directory C:\Users\Abhay\AppData\Local\Temp\ptx-5o8jrke1
INFO    : Removing temporary directory C:\Users\Abhay\AppData\Local\Temp\ptx-f2zgax8k
INFO    : 
Finished build for target web. Run `pretext view web` to see the results.

CRITICAL: There were errors during the build.  See above.
INFO    : ------------------------
CRITICAL: Failed to build without errors.  Exiting...
INFO    : 
----------------------------------------------------
INFO    : While running pretext, the following errors occurred:

INFO    : (see log messages above or in the 'logs' folder for more information)
INFO    : ----------------------------------------------------
